Microchip MPLAB XC8 Compiler V2.00 ()

Linker command line:

-W-3 --edf=C:\Program Files (x86)\Microchip\xc8\v2.00\pic\dat\en_msgs.txt \
  -cs -h+dist/default/production\IR.X.production.sym \
  --cmf=dist/default/production\IR.X.production.cmf -z -Q16F18313 \
  -oC:\Users\Andy\AppData\Local\Temp\s2nqk.2 --defsym=__MPLAB_BUILD=1 \
  -Mdist/default/production/IR.X.production.map -E1 -ver=XC8 --acfsm=1493 \
  -ASTACK=02077h-0209fh -pstack=STACK -ACODE=00h-07FFh -ASTRCODE=00h-07FFh \
  -ASTRING=00h-0FFhx8 -ACONST=00h-0FFhx8 -AENTRY=00h-0FFhx8 \
  -ACOMMON=070h-07Fh -ABANK0=020h-06Fh -ABANK1=0A0h-0EFh \
  -ABANK2=0120h-016Fh -ABIGRAM=02000h-020EFh \
  -ARAM=020h-06Fh,0A0h-0EFh,0120h-016Fh \
  -AABS1=020h-07Fh,0A0h-0EFh,0120h-016Fh -ASFR0=00h-01Fh -ASFR1=080h-09Fh \
  -ASFR2=0100h-011Fh -ASFR3=0180h-01EFh -ASFR4=0200h-026Fh \
  -ASFR5=0280h-02EFh -ASFR6=0300h-036Fh -ASFR7=0380h-03EFh \
  -ASFR8=0400h-046Fh -ASFR9=0480h-04EFh -ASFR10=0500h-056Fh \
  -ASFR11=0580h-05EFh -ASFR12=0600h-066Fh -ASFR13=0680h-06EFh \
  -ASFR14=0700h-076Fh -ASFR15=0780h-07EFh -ASFR16=0800h-086Fh \
  -ASFR17=0880h-08EFh -ASFR18=0900h-096Fh -ASFR19=0980h-09EFh \
  -ASFR20=0A00h-0A6Fh -ASFR21=0A80h-0AEFh -ASFR22=0B00h-0B6Fh \
  -ASFR23=0B80h-0BEFh -ASFR24=0C00h-0C6Fh -ASFR25=0C80h-0CEFh \
  -ASFR26=0D00h-0D6Fh -ASFR27=0D80h-0DEFh -ASFR28=0E00h-0E6Fh \
  -ASFR29=0E80h-0EEFh -ASFR30=0F00h-0F6Fh -ASFR31=0F80h-0FEFh \
  -preset_vec=00h,intentry=04h,init,end_init -ppowerup=CODE -pcinit=CODE \
  -pfunctab=ENTRY -ACONFIG=08007h-0800Ah -pconfig=CONFIG -DCONFIG=2 \
  -AIDLOC=08000h-08003h -pidloc=IDLOC -DIDLOC=2 -AEEDATA=00h-0FFh/0F000h \
  -peeprom_data=EEDATA -DEEDATA=2 -DCODE=2 -DSTRCODE=2 -DSTRING=2 -DCONST=2 \
  -DENTRY=2 -k C:\Users\Andy\AppData\Local\Temp\s2nqk.o \
  dist/default/production\IR.X.production.o 

Object code version is 3.11

Machine type is 16F18313



                Name                               Link     Load   Length Selector   Space Scale
C:\Users\Andy\AppData\Local\Temp\s2nqk.o
                end_init                             34       34        1        8       0
                reset_vec                             0        0        1        0       0
                config                             8007     8007        4    1000E       0
dist/default/production\IR.X.production.o
                cinit                                35       35       1F        8       0
                intentry                              4        4       30        8       0
                text49                              7E5      7E5        1        8       0
                text48                              7E4      7E4        1        8       0
                text47                              76A      76A        E        8       0
                text46                              7BA      7BA        6        8       0
                text44                              2BD      2BD       94        8       0
                text43                              171      171       B5        8       0
                text42                              7E1      7E1        3        8       0
                text41                              78F      78F        A        8       0
                text40                              7DE      7DE        3        8       0
                text39                              70E      70E       11        8       0
                text38                              7D1      7D1        4        8       0
                text37                              7A1      7A1        7        8       0
                text36                              7CD      7CD        4        8       0
                text35                              7C9      7C9        4        8       0
                text34                              7DB      7DB        3        8       0
                text33                              4FF      4FF       3C        8       0
                text32                              785      785        A        8       0
                text31                              7D8      7D8        3        8       0
                text30                              690      690       1B        8       0
                text29                              7D5      7D5        3        8       0
                text28                              6FD      6FD       11        8       0
                text27                              7C0      7C0        5        8       0
                text26                              6EA      6EA       13        8       0
                text25                              472      472       4C        8       0
                text24                              6D7      6D7       13        8       0
                text23                              601      601       2A        8       0
                text22                              418      418       5A        8       0
                text21                              73F      73F        F        8       0
                text20                              53B      53B       3A        8       0
                text19                              575      575       33        8       0
                text18                              672      672       1E        8       0
                text17                              5A8      5A8       2E        8       0
                text16                              6AB      6AB       19        8       0
                text15                              4BE      4BE       41        8       0
                text14                              5D6      5D6       2B        8       0
                text13                              75C      75C        E        8       0
                text12                              6C4      6C4       13        8       0
                text11                              226      226       97        8       0
                text10                              7B4      7B4        6        8       0
                text9                               778      778        D        8       0
                text8                               74E      74E        E        8       0
                text7                               652      652       20        8       0
                text6                               799      799        8        8       0
                text5                               7C5      7C5        4        8       0
                text4                               72F      72F       10        8       0
                text3                               351      351       69        8       0
                text2                               3BA      3BA       5E        8       0
                text1                               71F      71F       10        8       0
                maintext                             54       54      11D        8       0
                cstackBANK0                          20       20       3C       20       1
                cstackCOMMON                         70       70        E       70       1
                clrtext                             7AE      7AE        6        8       0
                inittext                            7A8      7A8        6        8       0
                bssBANK2                            120      120       2A      120       1
                dataBANK1                            A0       A0       27       A0       1
                bssBANK0                             5C       5C        9       20       1
                idataEEDATA                           0     F000       F2    1E000       3
                idataBANK1                          62B      62B       27        8       0

TOTAL           Name                               Link     Load   Length     Space
        CLASS   STACK          

        CLASS   CODE           
                end_init                             34       34        1         0
                cinit                                35       35       1F         0
                intentry                              4        4       30         0
                reset_vec                             0        0        1         0
                text49                              7E5      7E5        1         0
                text48                              7E4      7E4        1         0
                text47                              76A      76A        E         0
                text46                              7BA      7BA        6         0
                text44                              2BD      2BD       94         0
                text43                              171      171       B5         0
                text42                              7E1      7E1        3         0
                text41                              78F      78F        A         0
                text40                              7DE      7DE        3         0
                text39                              70E      70E       11         0
                text38                              7D1      7D1        4         0
                text37                              7A1      7A1        7         0
                text36                              7CD      7CD        4         0
                text35                              7C9      7C9        4         0
                text34                              7DB      7DB        3         0
                text33                              4FF      4FF       3C         0
                text32                              785      785        A         0
                text31                              7D8      7D8        3         0
                text30                              690      690       1B         0
                text29                              7D5      7D5        3         0
                text28                              6FD      6FD       11         0
                text27                              7C0      7C0        5         0
                text26                              6EA      6EA       13         0
                text25                              472      472       4C         0
                text24                              6D7      6D7       13         0
                text23                              601      601       2A         0
                text22                              418      418       5A         0
                text21                              73F      73F        F         0
                text20                              53B      53B       3A         0
                text19                              575      575       33         0
                text18                              672      672       1E         0
                text17                              5A8      5A8       2E         0
                text16                              6AB      6AB       19         0
                text15                              4BE      4BE       41         0
                text14                              5D6      5D6       2B         0
                text13                              75C      75C        E         0
                text12                              6C4      6C4       13         0
                text11                              226      226       97         0
                text10                              7B4      7B4        6         0
                text9                               778      778        D         0
                text8                               74E      74E        E         0
                text7                               652      652       20         0
                text6                               799      799        8         0
                text5                               7C5      7C5        4         0
                text4                               72F      72F       10         0
                text3                               351      351       69         0
                text2                               3BA      3BA       5E         0
                text1                               71F      71F       10         0
                maintext                             54       54      11D         0
                clrtext                             7AE      7AE        6         0
                inittext                            7A8      7A8        6         0
                idataBANK1                          62B      62B       27         0

        CLASS   STRCODE        

        CLASS   STRING         

        CLASS   CONST          

        CLASS   ENTRY          

        CLASS   COMMON         
                cstackCOMMON                         70       70        E         1

        CLASS   BANK0          
                cstackBANK0                          20       20       3C         1
                bssBANK0                             5C       5C        9         1

        CLASS   BANK1          
                dataBANK1                            A0       A0       27         1

        CLASS   BANK2          
                bssBANK2                            120      120       2A         1

        CLASS   BIGRAM         

        CLASS   RAM            

        CLASS   ABS1           
                abs_s1                               7E       7E        2         1

        CLASS   SFR0           

        CLASS   SFR1           

        CLASS   SFR2           

        CLASS   SFR3           

        CLASS   SFR4           

        CLASS   SFR5           

        CLASS   SFR6           

        CLASS   SFR7           

        CLASS   SFR8           

        CLASS   SFR9           

        CLASS   SFR10          

        CLASS   SFR11          

        CLASS   SFR12          

        CLASS   SFR13          

        CLASS   SFR14          

        CLASS   SFR15          

        CLASS   SFR16          

        CLASS   SFR17          

        CLASS   SFR18          

        CLASS   SFR19          

        CLASS   SFR20          

        CLASS   SFR21          

        CLASS   SFR22          

        CLASS   SFR23          

        CLASS   SFR24          

        CLASS   SFR25          

        CLASS   SFR26          

        CLASS   SFR27          

        CLASS   SFR28          

        CLASS   SFR29          

        CLASS   SFR30          

        CLASS   SFR31          

        CLASS   CONFIG         
                config                             8007     8007        4         0

        CLASS   IDLOC          

        CLASS   EEDATA         
                idataEEDATA                           0     F000       F2         3

        CLASS   BANK31         

        CLASS   BANK30         

        CLASS   BANK29         

        CLASS   BANK28         

        CLASS   BANK27         

        CLASS   BANK26         

        CLASS   BANK25         

        CLASS   BANK24         

        CLASS   BANK23         

        CLASS   BANK22         

        CLASS   BANK21         

        CLASS   BANK20         

        CLASS   BANK19         

        CLASS   BANK18         

        CLASS   BANK17         

        CLASS   BANK16         

        CLASS   BANK15         

        CLASS   BANK14         

        CLASS   BANK13         

        CLASS   BANK12         

        CLASS   BANK11         

        CLASS   BANK10         

        CLASS   BANK9          

        CLASS   BANK8          

        CLASS   BANK7          

        CLASS   BANK6          

        CLASS   BANK5          

        CLASS   BANK4          

        CLASS   BANK3          



SEGMENTS        Name                           Load    Length   Top    Selector   Space  Class     Delta

                reset_vec                      000000  000001  000001         0       0  CODE        2
                intentry                       000004  0007E2  0007E6         8       0  CODE        2
                cstackBANK0                    000020  000045  000065        20       1  BANK0       1
                cstackCOMMON                   000070  00000E  00007E        70       1  COMMON      1
                dataBANK1                      0000A0  000027  0000C7        A0       1  BANK1       1
                bssBANK2                       000120  00002A  00014A       120       1  BANK2       1
                config                         008007  000004  00800B     1000E       0  CONFIG      2
                idataEEDATA                    00F000  0000F2  00F0F2     1E000       3  EEDATA      2


UNUSED ADDRESS RANGES

        Name                Unused          Largest block    Delta
        BANK0            00065-0006F               B           1
        BANK1            000C7-000EF              29           1
        BANK2            0014A-0016F              26           1
        BIGRAM           02000-020EF              F0           1
        CODE             00001-00003               3           2
                         007E6-007FF              1A
        CONST            00001-00003               3           2
                         007E6-007FF              1A
        EEDATA           0F0F2-0F0FF               E           2
        ENTRY            00001-00003               3           2
                         007E6-007FF              1A
        IDLOC            08000-08003               4           2
        RAM              00065-0006F               B           1
                         000C7-000EF              29
                         0014A-0016F              26
        SFR0             00000-0001F              20           1
        SFR1             00080-0009F              20           1
        SFR10            00500-0056F              70           1
        SFR11            00580-005EF              70           1
        SFR12            00600-0066F              70           1
        SFR13            00680-006EF              70           1
        SFR14            00700-0076F              70           1
        SFR15            00780-007EF              70           1
        SFR16            00800-0086F              70           1
        SFR17            00880-008EF              70           1
        SFR18            00900-0096F              70           1
        SFR19            00980-009EF              70           1
        SFR2             00100-0011F              20           1
        SFR20            00A00-00A6F              70           1
        SFR21            00A80-00AEF              70           1
        SFR22            00B00-00B6F              70           1
        SFR23            00B80-00BEF              70           1
        SFR24            00C00-00C6F              70           1
        SFR25            00C80-00CEF              70           1
        SFR26            00D00-00D6F              70           1
        SFR27            00D80-00DEF              70           1
        SFR28            00E00-00E6F              70           1
        SFR29            00E80-00EEF              70           1
        SFR3             00180-001EF              70           1
        SFR30            00F00-00F6F              70           1
        SFR31            00F80-00FEF              70           1
        SFR4             00200-0026F              70           1
        SFR5             00280-002EF              70           1
        SFR6             00300-0036F              70           1
        SFR7             00380-003EF              70           1
        SFR8             00400-0046F              70           1
        SFR9             00480-004EF              70           1
        STACK            02077-0209F              29           1
        STRCODE          00001-00003               3           2
                         007E6-007FF              1A
        STRING           00001-00003               3           2
                         007E6-007FF              1A

                                  Symbol Table

?_MLX90614_readObjectTempC               cstackBANK0  0004E
?___awdiv                                cstackCOMMON 00070
?___awmod                                cstackCOMMON 00079
?___eetoi                                cstackCOMMON 00075
?___fltol                                cstackCOMMON 00070
?___xxtofl                               cstackBANK0  00033
?_read2Byte                              cstackBANK0  00026
?_readTemp                               cstackBANK0  00041
I2C_Read@keep                            cstackCOMMON 00073
I2C_Read@temp                            cstackCOMMON 00074
I2C_Read_Bytes@Data_addr                 cstackCOMMON 00075
I2C_Read_Bytes@Slave_addr                cstackCOMMON 0007B
I2C_Read_Bytes@data                      cstackCOMMON 00076
I2C_Read_Bytes@i                         cstackCOMMON 0007C
I2C_Read_Bytes@n                         cstackCOMMON 00077
I2C_Write@data                           cstackCOMMON 00072
INT_SetInterruptHandler@InterruptHandler cstackCOMMON 00070
MLX90614_Read_Bytes@data                 cstackBANK0  00020
MLX90614_Read_Bytes@data_addr            cstackBANK0  00025
MLX90614_Read_Bytes@len                  cstackBANK0  00021
OLED_clear@i                             cstackCOMMON 00076
OLED_display@x                           cstackCOMMON 00073
OLED_initial@i                           cstackCOMMON 00073
OLED_setXY@x                             cstackCOMMON 00075
OLED_setXY@y                             cstackCOMMON 00073
OLED_write_num@i                         cstackCOMMON 00077
OLED_write_num@num                       cstackCOMMON 00076
OLED_write_num_16@i                      cstackBANK0  00027
OLED_write_num_16@i_695                  cstackBANK0  00028
OLED_write_num_16@num                    cstackBANK0  00026
OLED_write_num_16@x                      cstackBANK0  00022
OLED_write_num_16@y                      cstackBANK0  00023
_ANSELA                                  (abs)        0018C
_EXT_INT_Initialize                      text9        00778
_I2C_ReStart                             text39       0070E
_I2C_Read                                text33       004FF
_I2C_Read_Bytes                          text25       00472
_I2C_Start                               text30       00690
_I2C_Stop                                text28       006FD
_I2C_Write                               text26       006EA
_INLVLA                                  (abs)        0038C
_INTCONbits                              (abs)        0000B
_INTERRUPT_InterruptManager              intentry     00004
_INTPPS                                  (abs)        00E10
_INT_CallBack                            text47       0076A
_INT_DefaultInterruptHandler             text48       007E4
_INT_EVENT                               text49       007E5
_INT_ISR                                 text46       007BA
_INT_InterruptHandler                    bssBANK0     0005F
_INT_SetInterruptHandler                 text10       007B4
_LATA                                    (abs)        0010C
_MLX90614_Read_Bytes                     text24       006D7
_MLX90614_readObjectTempC                text21       0073F
_NVMADRH                                 (abs)        00892
_NVMADRL                                 (abs)        00891
_NVMCON1bits                             (abs)        00895
_NVMDATL                                 (abs)        00893
_ODCONA                                  (abs)        0028C
_OLED_clear                              text19       00575
_OLED_display                            text18       00672
_OLED_initial                            text17       005A8
_OLED_setXY                              text20       0053B
_OLED_write_num                          text15       004BE
_OLED_write_num_16                       text11       00226
_OSCCON1                                 (abs)        00919
_OSCCON3                                 (abs)        0091B
_OSCEN                                   (abs)        0091D
_OSCFRQ                                  (abs)        0091F
_OSCILLATOR_Initialize                   text8        0074E
_OSCTUNE                                 (abs)        0091E
_PIE0bits                                (abs)        00090
_PIE1bits                                (abs)        00091
_PIN_MANAGER_Initialize                  text7        00652
_PIR0bits                                (abs)        00010
_PIR1bits                                (abs)        00011
_PLLR                                    (abs)        048E0
_PMD0                                    (abs)        00911
_PMD1                                    (abs)        00912
_PMD2                                    (abs)        00913
_PMD3                                    (abs)        00914
_PMD4                                    (abs)        00915
_PMD5                                    (abs)        00916
_PMD_Initialize                          text6        00799
_RA0PPS                                  (abs)        00E90
_RA1PPS                                  (abs)        00E91
_SLRCONA                                 (abs)        0030C
_SSP1ADD                                 (abs)        00212
_SSP1BUF                                 (abs)        00211
_SSP1CLKPPS                              (abs)        00E20
_SSP1CON1                                (abs)        00215
_SSP1CON1bits                            (abs)        00215
_SSP1CON2                                (abs)        00216
_SSP1CON2bits                            (abs)        00216
_SSP1DATPPS                              (abs)        00E21
_SSP1MSK                                 (abs)        00213
_SSP1STAT                                (abs)        00214
_SSP1STATbits                            (abs)        00214
_SYSTEM_Initialize                       text4        0072F
_TEXT_11x16                              idataEEDATA  00000
_TEXT_6x8_char                           dataBANK1    000BB
_TRISA                                   (abs)        0008C
_WDTCON                                  (abs)        00097
_WDT_Initialize                          text5        007C5
_WPUA                                    (abs)        0020C
__CFG_BOREN$ON                           (abs)        00000
__CFG_BORV$LOW                           (abs)        00000
__CFG_CLKOUTEN$OFF                       (abs)        00000
__CFG_CP$OFF                             (abs)        00000
__CFG_CPD$OFF                            (abs)        00000
__CFG_CSWEN$ON                           (abs)        00000
__CFG_DEBUG$OFF                          (abs)        00000
__CFG_FCMEN$ON                           (abs)        00000
__CFG_FEXTOSC$OFF                        (abs)        00000
__CFG_LPBOREN$OFF                        (abs)        00000
__CFG_LVP$ON                             (abs)        00000
__CFG_MCLRE$ON                           (abs)        00000
__CFG_PPS1WAY$ON                         (abs)        00000
__CFG_PWRTE$OFF                          (abs)        00000
__CFG_RSTOSC$HFINT32                     (abs)        00000
__CFG_STVREN$ON                          (abs)        00000
__CFG_WDTE$OFF                           (abs)        00000
__CFG_WRT$OFF                            (abs)        00000
__Habs1                                  abs1         00000
__Hbank0                                 bank0        00000
__Hbank1                                 bank1        00000
__Hbank10                                bank10       00000
__Hbank11                                bank11       00000
__Hbank12                                bank12       00000
__Hbank13                                bank13       00000
__Hbank14                                bank14       00000
__Hbank15                                bank15       00000
__Hbank16                                bank16       00000
__Hbank17                                bank17       00000
__Hbank18                                bank18       00000
__Hbank19                                bank19       00000
__Hbank2                                 bank2        00000
__Hbank20                                bank20       00000
__Hbank21                                bank21       00000
__Hbank22                                bank22       00000
__Hbank23                                bank23       00000
__Hbank24                                bank24       00000
__Hbank25                                bank25       00000
__Hbank26                                bank26       00000
__Hbank27                                bank27       00000
__Hbank28                                bank28       00000
__Hbank29                                bank29       00000
__Hbank3                                 bank3        00000
__Hbank30                                bank30       00000
__Hbank31                                bank31       00000
__Hbank4                                 bank4        00000
__Hbank5                                 bank5        00000
__Hbank6                                 bank6        00000
__Hbank7                                 bank7        00000
__Hbank8                                 bank8        00000
__Hbank9                                 bank9        00000
__Hbigram                                bigram       00000
__HbssBANK0                              bssBANK0     00000
__HbssBANK2                              bssBANK2     00000
__Hcinit                                 cinit        00054
__Hclrtext                               clrtext      00000
__Hcode                                  code         00000
__Hcommon                                common       00000
__Hconfig                                config       0800B
__HcstackBANK0                           cstackBANK0  00000
__HcstackCOMMON                          cstackCOMMON 00000
__HdataBANK1                             dataBANK1    00000
__HdataEEDATA                            dataEEDATA   00000
__Heeprom_data                           eeprom_data  00000
__Hend_init                              end_init     00035
__Hfunctab                               functab      00000
__HidataBANK1                            idataBANK1   00000
__HidataEEDATA                           idataEEDATA  00000
__Hidloc                                 idloc        00000
__Hinit                                  init         00034
__Hinittext                              inittext     00000
__Hintentry                              intentry     00034
__Hmaintext                              maintext     00000
__Hpowerup                               powerup      00000
__Hram                                   ram          00000
__Hreset_vec                             reset_vec    00001
__Hsfr0                                  sfr0         00000
__Hsfr1                                  sfr1         00000
__Hsfr10                                 sfr10        00000
__Hsfr11                                 sfr11        00000
__Hsfr12                                 sfr12        00000
__Hsfr13                                 sfr13        00000
__Hsfr14                                 sfr14        00000
__Hsfr15                                 sfr15        00000
__Hsfr16                                 sfr16        00000
__Hsfr17                                 sfr17        00000
__Hsfr18                                 sfr18        00000
__Hsfr19                                 sfr19        00000
__Hsfr2                                  sfr2         00000
__Hsfr20                                 sfr20        00000
__Hsfr21                                 sfr21        00000
__Hsfr22                                 sfr22        00000
__Hsfr23                                 sfr23        00000
__Hsfr24                                 sfr24        00000
__Hsfr25                                 sfr25        00000
__Hsfr26                                 sfr26        00000
__Hsfr27                                 sfr27        00000
__Hsfr28                                 sfr28        00000
__Hsfr29                                 sfr29        00000
__Hsfr3                                  sfr3         00000
__Hsfr30                                 sfr30        00000
__Hsfr31                                 sfr31        00000
__Hsfr4                                  sfr4         00000
__Hsfr5                                  sfr5         00000
__Hsfr6                                  sfr6         00000
__Hsfr7                                  sfr7         00000
__Hsfr8                                  sfr8         00000
__Hsfr9                                  sfr9         00000
__Hspace_0                               (abs)        0800B
__Hspace_1                               (abs)        0014A
__Hspace_2                               (abs)        00000
__Hspace_3                               (abs)        000F2
__Hstack                                 stack        00000
__Hstrings                               strings      00000
__Htext                                  text         00000
__Labs1                                  abs1         00000
__Lbank0                                 bank0        00000
__Lbank1                                 bank1        00000
__Lbank10                                bank10       00000
__Lbank11                                bank11       00000
__Lbank12                                bank12       00000
__Lbank13                                bank13       00000
__Lbank14                                bank14       00000
__Lbank15                                bank15       00000
__Lbank16                                bank16       00000
__Lbank17                                bank17       00000
__Lbank18                                bank18       00000
__Lbank19                                bank19       00000
__Lbank2                                 bank2        00000
__Lbank20                                bank20       00000
__Lbank21                                bank21       00000
__Lbank22                                bank22       00000
__Lbank23                                bank23       00000
__Lbank24                                bank24       00000
__Lbank25                                bank25       00000
__Lbank26                                bank26       00000
__Lbank27                                bank27       00000
__Lbank28                                bank28       00000
__Lbank29                                bank29       00000
__Lbank3                                 bank3        00000
__Lbank30                                bank30       00000
__Lbank31                                bank31       00000
__Lbank4                                 bank4        00000
__Lbank5                                 bank5        00000
__Lbank6                                 bank6        00000
__Lbank7                                 bank7        00000
__Lbank8                                 bank8        00000
__Lbank9                                 bank9        00000
__Lbigram                                bigram       00000
__LbssBANK0                              bssBANK0     00000
__LbssBANK2                              bssBANK2     00000
__Lcinit                                 cinit        00035
__Lclrtext                               clrtext      00000
__Lcode                                  code         00000
__Lcommon                                common       00000
__Lconfig                                config       08007
__LcstackBANK0                           cstackBANK0  00000
__LcstackCOMMON                          cstackCOMMON 00000
__LdataBANK1                             dataBANK1    00000
__LdataEEDATA                            dataEEDATA   00000
__Leeprom_data                           eeprom_data  00000
__Lend_init                              end_init     00034
__Lfunctab                               functab      00000
__LidataBANK1                            idataBANK1   00000
__LidataEEDATA                           idataEEDATA  00000
__Lidloc                                 idloc        00000
__Linit                                  init         00034
__Linittext                              inittext     00000
__Lintentry                              intentry     00004
__Lmaintext                              maintext     00000
__Lpowerup                               powerup      00000
__Lram                                   ram          00000
__Lreset_vec                             reset_vec    00000
__Lsfr0                                  sfr0         00000
__Lsfr1                                  sfr1         00000
__Lsfr10                                 sfr10        00000
__Lsfr11                                 sfr11        00000
__Lsfr12                                 sfr12        00000
__Lsfr13                                 sfr13        00000
__Lsfr14                                 sfr14        00000
__Lsfr15                                 sfr15        00000
__Lsfr16                                 sfr16        00000
__Lsfr17                                 sfr17        00000
__Lsfr18                                 sfr18        00000
__Lsfr19                                 sfr19        00000
__Lsfr2                                  sfr2         00000
__Lsfr20                                 sfr20        00000
__Lsfr21                                 sfr21        00000
__Lsfr22                                 sfr22        00000
__Lsfr23                                 sfr23        00000
__Lsfr24                                 sfr24        00000
__Lsfr25                                 sfr25        00000
__Lsfr26                                 sfr26        00000
__Lsfr27                                 sfr27        00000
__Lsfr28                                 sfr28        00000
__Lsfr29                                 sfr29        00000
__Lsfr3                                  sfr3         00000
__Lsfr30                                 sfr30        00000
__Lsfr31                                 sfr31        00000
__Lsfr4                                  sfr4         00000
__Lsfr5                                  sfr5         00000
__Lsfr6                                  sfr6         00000
__Lsfr7                                  sfr7         00000
__Lsfr8                                  sfr8         00000
__Lsfr9                                  sfr9         00000
__Lspace_0                               (abs)        00000
__Lspace_1                               (abs)        00000
__Lspace_2                               (abs)        00000
__Lspace_3                               (abs)        00000
__Lstack                                 stack        00000
__Lstrings                               strings      00000
__Ltext                                  text         00000
__S0                                     (abs)        0800B
__S1                                     (abs)        0014A
__S2                                     (abs)        00000
__S3                                     (abs)        0F0F2
___awdiv                                 text3        00351
___awdiv@counter                         cstackCOMMON 00075
___awdiv@dividend                        cstackCOMMON 00072
___awdiv@divisor                         cstackCOMMON 00070
___awdiv@quotient                        cstackCOMMON 00077
___awdiv@sign                            cstackCOMMON 00076
___awmod                                 text2        003BA
___awmod@counter                         cstackBANK0  00020
___awmod@dividend                        cstackCOMMON 0007B
___awmod@divisor                         cstackCOMMON 00079
___awmod@sign                            cstackBANK0  00021
___bmul                                  text16       006AB
___bmul@multiplicand                     cstackCOMMON 00070
___bmul@multiplier                       cstackCOMMON 00073
___bmul@product                          cstackCOMMON 00072
___eecpymem                              text14       005D6
___eecpymem@cp                           cstackCOMMON 00073
___eecpymem@from                         cstackCOMMON 00070
___eecpymem@size                         cstackCOMMON 00071
___eecpymem@to                           cstackCOMMON 00074
___eetoc                                 text13       0075C
___eetoc@addr                            cstackCOMMON 00076
___eetoc@data                            cstackCOMMON 00077
___eetoi                                 text12       006C4
___eetoi@addr                            cstackCOMMON 00079
___eetoi@data                            cstackCOMMON 0007A
___fltol                                 text44       002BD
___fltol@exp1                            cstackCOMMON 0007A
___fltol@f1                              cstackCOMMON 00070
___fltol@sign1                           cstackCOMMON 00079
___int_sp                                stack        00000
___latbits                               (abs)        00000
___sp                                    stack        00000
___xxtofl                                text43       00171
___xxtofl@arg                            cstackBANK0  0003D
___xxtofl@exp                            cstackBANK0  0003C
___xxtofl@sign                           cstackBANK0  0003B
___xxtofl@val                            cstackBANK0  00033
__end_of_EXT_INT_Initialize              text9        00785
__end_of_I2C_ReStart                     text39       0071F
__end_of_I2C_Read                        text33       0053B
__end_of_I2C_Read_Bytes                  text25       004BE
__end_of_I2C_Start                       text30       006AB
__end_of_I2C_Stop                        text28       0070E
__end_of_I2C_Write                       text26       006FD
__end_of_INTERRUPT_InterruptManager      intentry     00034
__end_of_INT_CallBack                    text47       00778
__end_of_INT_DefaultInterruptHandler     text48       007E5
__end_of_INT_EVENT                       text49       007E6
__end_of_INT_ISR                         text46       007C0
__end_of_INT_SetInterruptHandler         text10       007BA
__end_of_MLX90614_Read_Bytes             text24       006EA
__end_of_MLX90614_readObjectTempC        text21       0074E
__end_of_OLED_clear                      text19       005A8
__end_of_OLED_display                    text18       00690
__end_of_OLED_initial                    text17       005D6
__end_of_OLED_setXY                      text20       00575
__end_of_OLED_write_num                  text15       004FF
__end_of_OLED_write_num_16               text11       002BD
__end_of_OSCILLATOR_Initialize           text8        0075C
__end_of_PIN_MANAGER_Initialize          text7        00672
__end_of_PMD_Initialize                  text6        007A1
__end_of_SYSTEM_Initialize               text4        0073F
__end_of_WDT_Initialize                  text5        007C9
__end_of___awdiv                         text3        003BA
__end_of___awmod                         text2        00418
__end_of___bmul                          text16       006C4
__end_of___eecpymem                      text14       00601
__end_of___eetoc                         text13       0076A
__end_of___eetoi                         text12       006D7
__end_of___fltol                         text44       00351
__end_of___xxtofl                        text43       00226
__end_of__initialization                 cinit        00051
__end_of_i2c1_driver_TXData              text27       007C5
__end_of_i2c1_driver_getRXData           text38       007D5
__end_of_i2c1_driver_isBufferFull        text37       007A8
__end_of_i2c1_driver_isStart             text32       0078F
__end_of_i2c1_driver_open                text1        0072F
__end_of_i2c1_driver_restart             text42       007E4
__end_of_i2c1_driver_sendACK             text36       007D1
__end_of_i2c1_driver_sendNACK            text35       007CD
__end_of_i2c1_driver_start               text31       007DB
__end_of_i2c1_driver_startRX             text34       007DE
__end_of_i2c1_driver_stop                text29       007D8
__end_of_main                            maintext     00171
__end_of_mssp1_IRQisSet                  text41       00799
__end_of_mssp1_clearIRQ                  text40       007E1
__end_of_read2Byte                       text23       0062B
__end_of_readTemp                        text22       00472
__initialization                         cinit        00035
__pbssBANK0                              bssBANK0     0005C
__pbssBANK2                              bssBANK2     00120
__pcstackBANK0                           cstackBANK0  00020
__pcstackCOMMON                          cstackCOMMON 00070
__pdataBANK1                             dataBANK1    000A0
__pdataEEDATA                            dataEEDATA   00000
__pidataBANK1                            idataBANK1   0062B
__pidataEEDATA                           idataEEDATA  00000
__pintentry                              intentry     00004
__pmaintext                              maintext     00054
__ptext1                                 text1        0071F
__ptext10                                text10       007B4
__ptext11                                text11       00226
__ptext12                                text12       006C4
__ptext13                                text13       0075C
__ptext14                                text14       005D6
__ptext15                                text15       004BE
__ptext16                                text16       006AB
__ptext17                                text17       005A8
__ptext18                                text18       00672
__ptext19                                text19       00575
__ptext2                                 text2        003BA
__ptext20                                text20       0053B
__ptext21                                text21       0073F
__ptext22                                text22       00418
__ptext23                                text23       00601
__ptext24                                text24       006D7
__ptext25                                text25       00472
__ptext26                                text26       006EA
__ptext27                                text27       007C0
__ptext28                                text28       006FD
__ptext29                                text29       007D5
__ptext3                                 text3        00351
__ptext30                                text30       00690
__ptext31                                text31       007D8
__ptext32                                text32       00785
__ptext33                                text33       004FF
__ptext34                                text34       007DB
__ptext35                                text35       007C9
__ptext36                                text36       007CD
__ptext37                                text37       007A1
__ptext38                                text38       007D1
__ptext39                                text39       0070E
__ptext4                                 text4        0072F
__ptext40                                text40       007DE
__ptext41                                text41       0078F
__ptext42                                text42       007E1
__ptext43                                text43       00171
__ptext44                                text44       002BD
__ptext46                                text46       007BA
__ptext47                                text47       0076A
__ptext48                                text48       007E4
__ptext49                                text49       007E5
__ptext5                                 text5        007C5
__ptext6                                 text6        00799
__ptext7                                 text7        00652
__ptext8                                 text8        0074E
__ptext9                                 text9        00778
__size_of_EXT_INT_Initialize             (abs)        00000
__size_of_I2C_ReStart                    (abs)        00000
__size_of_I2C_Read                       (abs)        00000
__size_of_I2C_Read_Bytes                 (abs)        00000
__size_of_I2C_Start                      (abs)        00000
__size_of_I2C_Stop                       (abs)        00000
__size_of_I2C_Write                      (abs)        00000
__size_of_INTERRUPT_InterruptManager     (abs)        00000
__size_of_INT_CallBack                   (abs)        00000
__size_of_INT_DefaultInterruptHandler    (abs)        00000
__size_of_INT_EVENT                      (abs)        00000
__size_of_INT_ISR                        (abs)        00000
__size_of_INT_SetInterruptHandler        (abs)        00000
__size_of_MLX90614_Read_Bytes            (abs)        00000
__size_of_MLX90614_readObjectTempC       (abs)        00000
__size_of_OLED_clear                     (abs)        00000
__size_of_OLED_display                   (abs)        00000
__size_of_OLED_initial                   (abs)        00000
__size_of_OLED_setXY                     (abs)        00000
__size_of_OLED_write_num                 (abs)        00000
__size_of_OLED_write_num_16              (abs)        00000
__size_of_OSCILLATOR_Initialize          (abs)        00000
__size_of_PIN_MANAGER_Initialize         (abs)        00000
__size_of_PMD_Initialize                 (abs)        00000
__size_of_SYSTEM_Initialize              (abs)        00000
__size_of_WDT_Initialize                 (abs)        00000
__size_of___awdiv                        (abs)        00000
__size_of___awmod                        (abs)        00000
__size_of___bmul                         (abs)        00000
__size_of___eecpymem                     (abs)        00000
__size_of___eetoc                        (abs)        00000
__size_of___eetoi                        (abs)        00000
__size_of___fltol                        (abs)        00000
__size_of___xxtofl                       (abs)        00000
__size_of_i2c1_driver_TXData             (abs)        00000
__size_of_i2c1_driver_getRXData          (abs)        00000
__size_of_i2c1_driver_isBufferFull       (abs)        00000
__size_of_i2c1_driver_isStart            (abs)        00000
__size_of_i2c1_driver_open               (abs)        00000
__size_of_i2c1_driver_restart            (abs)        00000
__size_of_i2c1_driver_sendACK            (abs)        00000
__size_of_i2c1_driver_sendNACK           (abs)        00000
__size_of_i2c1_driver_start              (abs)        00000
__size_of_i2c1_driver_startRX            (abs)        00000
__size_of_i2c1_driver_stop               (abs)        00000
__size_of_main                           (abs)        00000
__size_of_mssp1_IRQisSet                 (abs)        00000
__size_of_mssp1_clearIRQ                 (abs)        00000
__size_of_read2Byte                      (abs)        00000
__size_of_readTemp                       (abs)        00000
_i2c1_driver_TXData                      text27       007C0
_i2c1_driver_busCollisionISR             bssBANK0     00063
_i2c1_driver_getRXData                   text38       007D1
_i2c1_driver_i2cISR                      bssBANK0     00061
_i2c1_driver_isBufferFull                text37       007A1
_i2c1_driver_isStart                     text32       00785
_i2c1_driver_open                        text1        0071F
_i2c1_driver_restart                     text42       007E1
_i2c1_driver_sendACK                     text36       007CD
_i2c1_driver_sendNACK                    text35       007C9
_i2c1_driver_start                       text31       007D8
_i2c1_driver_startRX                     text34       007DB
_i2c1_driver_stop                        text29       007D5
_initial_command                         dataBANK1    000A0
_main                                    maintext     00054
_main$1541                               cstackBANK0  00054
_mssp1_IRQisSet                          text41       0078F
_mssp1_clearIRQ                          text40       007DE
_read2Byte                               text23       00601
_readTemp                                text22       00418
btemp                                    (abs)        0007E
clear_ram0                               clrtext      007AE
end_of_initialization                    cinit        00051
i2c1_driver_TXData@d                     cstackCOMMON 00070
init_ram                                 inittext     007A8
int$flags                                (abs)        0007E
intlevel0                                functab      00000
intlevel1                                functab      00000
intlevel2                                functab      00000
intlevel3                                functab      00000
intlevel4                                functab      00000
intlevel5                                functab      00000
main@temperature                         cstackBANK0  00058
main@x                                   cstackBANK0  0005B
main@y                                   cstackBANK0  0005A
read2Byte@F5157                          bssBANK0     0005C
read2Byte@a                              cstackBANK0  0002F
read2Byte@data                           cstackBANK0  00030
read2Byte@ret                            cstackBANK0  0002D
readTemp@reg                             cstackBANK0  00049
readTemp@temp                            cstackBANK0  0004A
reset_vec                                reset_vec    00000
stackhi                                  (abs)        0209F
stacklo                                  (abs)        02077
start                                    init         00034
start_initialization                     cinit        00035
wtemp0                                   (abs)        0007E


FUNCTION INFORMATION:

 *************** function _main *****************
 Defined at:
		line 56 in file "main.c"
 Parameters:    Size  Location     Type
		None
 Auto vars:     Size  Location     Type
  x               1   59[BANK0 ] unsigned char 
  y               1   58[BANK0 ] unsigned char 
  temperature     2   56[BANK0 ] int 
 Return value:  Size  Location     Type
                  1    wreg      void 
 Registers used:
		wreg, fsr1l, fsr1h, status,2, status,0, pclath, cstack
 Tracked objects:
		On entry : 
		On exit  : 
		Unchanged: 
 Data sizes:     COMMON   BANK0   BANK1   BANK2
      Params:         0       0       0       0
      Locals:         0       8       0       0
      Temps:          0       2       0       0
      Totals:         0      10       0       0
Total ram usage:       10 bytes
 Hardware stack levels required when called:   11
 This function calls:
		_INT_SetInterruptHandler
		_MLX90614_readObjectTempC
		_OLED_clear
		_OLED_display
		_OLED_initial
		_OLED_setXY
		_OLED_write_num
		_OLED_write_num_16
		_SYSTEM_Initialize
		___awdiv
		___awmod
		___fltol
		_i2c1_driver_open
 This function is called by:
		Startup code after reset
 This function uses a non-reentrant model


 *************** function _i2c1_driver_open *****************
 Defined at:
		line 83 in file "mcc_generated_files/i2c1_driver.c"
 Parameters:    Size  Location     Type
		None
 Auto vars:     Size  Location     Type
		None
 Return value:  Size  Location     Type
		None               void
 Registers used:
		wreg, status,2
 Tracked objects:
		On entry : 
		On exit  : 
		Unchanged: 
 Data sizes:     COMMON   BANK0   BANK1   BANK2
      Params:         0       0       0       0
      Locals:         0       0       0       0
      Temps:          0       0       0       0
      Totals:         0       0       0       0
Total ram usage:        0 bytes
 Hardware stack levels used:    1
 Hardware stack levels required when called:    4
 This function calls:
		Nothing
 This function is called by:
		_main
 This function uses a non-reentrant model


 *************** function ___awmod *****************
 Defined at:
		line 5 in file "C:\Program Files (x86)\Microchip\xc8\v2.00\pic\sources\c99\common\awmod.c"
 Parameters:    Size  Location     Type
  divisor         2    9[COMMON] int 
  dividend        2   11[COMMON] int 
 Auto vars:     Size  Location     Type
  sign            1    1[BANK0 ] unsigned char 
  counter         1    0[BANK0 ] unsigned char 
 Return value:  Size  Location     Type
                  2    9[COMMON] int 
 Registers used:
		wreg, status,2, status,0
 Tracked objects:
		On entry : 
		On exit  : 
		Unchanged: 
 Data sizes:     COMMON   BANK0   BANK1   BANK2
      Params:         4       0       0       0
      Locals:         0       2       0       0
      Temps:          1       0       0       0
      Totals:         5       2       0       0
Total ram usage:        7 bytes
 Hardware stack levels used:    1
 Hardware stack levels required when called:    4
 This function calls:
		Nothing
 This function is called by:
		_main
		_num_print
 This function uses a non-reentrant model


 *************** function ___awdiv *****************
 Defined at:
		line 5 in file "C:\Program Files (x86)\Microchip\xc8\v2.00\pic\sources\c99\common\awdiv.c"
 Parameters:    Size  Location     Type
  divisor         2    0[COMMON] int 
  dividend        2    2[COMMON] int 
 Auto vars:     Size  Location     Type
  quotient        2    7[COMMON] int 
  sign            1    6[COMMON] unsigned char 
  counter         1    5[COMMON] unsigned char 
 Return value:  Size  Location     Type
                  2    0[COMMON] int 
 Registers used:
		wreg, status,2, status,0
 Tracked objects:
		On entry : 
		On exit  : 
		Unchanged: 
 Data sizes:     COMMON   BANK0   BANK1   BANK2
      Params:         4       0       0       0
      Locals:         4       0       0       0
      Temps:          1       0       0       0
      Totals:         9       0       0       0
Total ram usage:        9 bytes
 Hardware stack levels used:    1
 Hardware stack levels required when called:    4
 This function calls:
		Nothing
 This function is called by:
		_main
		_num_print
 This function uses a non-reentrant model


 *************** function _SYSTEM_Initialize *****************
 Defined at:
		line 50 in file "mcc_generated_files/mcc.c"
 Parameters:    Size  Location     Type
		None
 Auto vars:     Size  Location     Type
		None
 Return value:  Size  Location     Type
                  1    wreg      void 
 Registers used:
		wreg, status,2, status,0, pclath, cstack
 Tracked objects:
		On entry : 
		On exit  : 
		Unchanged: 
 Data sizes:     COMMON   BANK0   BANK1   BANK2
      Params:         0       0       0       0
      Locals:         0       0       0       0
      Temps:          0       0       0       0
      Totals:         0       0       0       0
Total ram usage:        0 bytes
 Hardware stack levels used:    1
 Hardware stack levels required when called:    6
 This function calls:
		_EXT_INT_Initialize
		_OSCILLATOR_Initialize
		_PIN_MANAGER_Initialize
		_PMD_Initialize
		_WDT_Initialize
 This function is called by:
		_main
 This function uses a non-reentrant model


 *************** function _WDT_Initialize *****************
 Defined at:
		line 78 in file "mcc_generated_files/mcc.c"
 Parameters:    Size  Location     Type
		None
 Auto vars:     Size  Location     Type
		None
 Return value:  Size  Location     Type
                  1    wreg      void 
 Registers used:
		wreg
 Tracked objects:
		On entry : 
		On exit  : 
		Unchanged: 
 Data sizes:     COMMON   BANK0   BANK1   BANK2
      Params:         0       0       0       0
      Locals:         0       0       0       0
      Temps:          0       0       0       0
      Totals:         0       0       0       0
Total ram usage:        0 bytes
 Hardware stack levels used:    1
 Hardware stack levels required when called:    4
 This function calls:
		Nothing
 This function is called by:
		_SYSTEM_Initialize
 This function uses a non-reentrant model


 *************** function _PMD_Initialize *****************
 Defined at:
		line 84 in file "mcc_generated_files/mcc.c"
 Parameters:    Size  Location     Type
		None
 Auto vars:     Size  Location     Type
		None
 Return value:  Size  Location     Type
                  1    wreg      void 
 Registers used:
		status,2
 Tracked objects:
		On entry : 
		On exit  : 
		Unchanged: 
 Data sizes:     COMMON   BANK0   BANK1   BANK2
      Params:         0       0       0       0
      Locals:         0       0       0       0
      Temps:          0       0       0       0
      Totals:         0       0       0       0
Total ram usage:        0 bytes
 Hardware stack levels used:    1
 Hardware stack levels required when called:    4
 This function calls:
		Nothing
 This function is called by:
		_SYSTEM_Initialize
 This function uses a non-reentrant model


 *************** function _PIN_MANAGER_Initialize *****************
 Defined at:
		line 55 in file "mcc_generated_files/pin_manager.c"
 Parameters:    Size  Location     Type
		None
 Auto vars:     Size  Location     Type
		None
 Return value:  Size  Location     Type
                  1    wreg      void 
 Registers used:
		wreg, status,2
 Tracked objects:
		On entry : 
		On exit  : 
		Unchanged: 
 Data sizes:     COMMON   BANK0   BANK1   BANK2
      Params:         0       0       0       0
      Locals:         0       0       0       0
      Temps:          0       0       0       0
      Totals:         0       0       0       0
Total ram usage:        0 bytes
 Hardware stack levels used:    1
 Hardware stack levels required when called:    4
 This function calls:
		Nothing
 This function is called by:
		_SYSTEM_Initialize
 This function uses a non-reentrant model


 *************** function _OSCILLATOR_Initialize *****************
 Defined at:
		line 60 in file "mcc_generated_files/mcc.c"
 Parameters:    Size  Location     Type
		None
 Auto vars:     Size  Location     Type
		None
 Return value:  Size  Location     Type
                  1    wreg      void 
 Registers used:
		wreg, status,2
 Tracked objects:
		On entry : 
		On exit  : 
		Unchanged: 
 Data sizes:     COMMON   BANK0   BANK1   BANK2
      Params:         0       0       0       0
      Locals:         0       0       0       0
      Temps:          0       0       0       0
      Totals:         0       0       0       0
Total ram usage:        0 bytes
 Hardware stack levels used:    1
 Hardware stack levels required when called:    4
 This function calls:
		Nothing
 This function is called by:
		_SYSTEM_Initialize
 This function uses a non-reentrant model


 *************** function _EXT_INT_Initialize *****************
 Defined at:
		line 59 in file "mcc_generated_files/ext_int.c"
 Parameters:    Size  Location     Type
		None
 Auto vars:     Size  Location     Type
		None
 Return value:  Size  Location     Type
                  1    wreg      void 
 Registers used:
		wreg, status,2, status,0, pclath, cstack
 Tracked objects:
		On entry : 
		On exit  : 
		Unchanged: 
 Data sizes:     COMMON   BANK0   BANK1   BANK2
      Params:         0       0       0       0
      Locals:         0       0       0       0
      Temps:          0       0       0       0
      Totals:         0       0       0       0
Total ram usage:        0 bytes
 Hardware stack levels used:    1
 Hardware stack levels required when called:    5
 This function calls:
		_INT_SetInterruptHandler
 This function is called by:
		_SYSTEM_Initialize
 This function uses a non-reentrant model


 *************** function _INT_SetInterruptHandler *****************
 Defined at:
		line 50 in file "mcc_generated_files/ext_int.c"
 Parameters:    Size  Location     Type
  InterruptHan    2    0[COMMON] PTR FTN()void 
		 -> INT_EVENT(1), INT_DefaultInterruptHandler(1), 
 Auto vars:     Size  Location     Type
		None
 Return value:  Size  Location     Type
                  1    wreg      void 
 Registers used:
		wreg
 Tracked objects:
		On entry : 
		On exit  : 
		Unchanged: 
 Data sizes:     COMMON   BANK0   BANK1   BANK2
      Params:         2       0       0       0
      Locals:         0       0       0       0
      Temps:          0       0       0       0
      Totals:         2       0       0       0
Total ram usage:        2 bytes
 Hardware stack levels used:    1
 Hardware stack levels required when called:    4
 This function calls:
		Nothing
 This function is called by:
		_EXT_INT_Initialize
		_main
 This function uses a non-reentrant model


 *************** function _OLED_write_num_16 *****************
 Defined at:
		line 123 in file "SSD1306.c"
 Parameters:    Size  Location     Type
  num             1    wreg     unsigned char 
  x               1    2[BANK0 ] unsigned char 
  y               1    3[BANK0 ] unsigned char 
 Auto vars:     Size  Location     Type
  num             1    6[BANK0 ] unsigned char 
  i               1    8[BANK0 ] unsigned char 
  i               1    7[BANK0 ] unsigned char 
 Return value:  Size  Location     Type
                  1    wreg      void 
 Registers used:
		wreg, fsr1l, fsr1h, status,2, status,0, pclath, cstack
 Tracked objects:
		On entry : 
		On exit  : 
		Unchanged: 
 Data sizes:     COMMON   BANK0   BANK1   BANK2
      Params:         0       2       0       0
      Locals:         0       3       0       0
      Temps:          0       2       0       0
      Totals:         0       7       0       0
Total ram usage:        7 bytes
 Hardware stack levels used:    1
 Hardware stack levels required when called:    7
 This function calls:
		_I2C_Start
		_I2C_Stop
		_I2C_Write
		_OLED_setXY
		___bmul
		___eetoc
		___eetoi
 This function is called by:
		_main
 This function uses a non-reentrant model


 *************** function ___eetoi *****************
 Defined at:
		line 112 in file "C:\Program Files (x86)\Microchip\xc8\v2.00\pic\sources\c99\pic\__eeprom.c"
 Parameters:    Size  Location     Type
  addr            1    wreg     PTR eeprom void 
		 -> TEXT_11x16(242), 
 Auto vars:     Size  Location     Type
  addr            1    9[COMMON] PTR eeprom void 
		 -> TEXT_11x16(242), 
  data            2   10[COMMON] unsigned int 
 Return value:  Size  Location     Type
                  2    5[COMMON] unsigned int 
 Registers used:
		wreg, fsr1l, fsr1h, status,2, status,0, pclath, cstack
 Tracked objects:
		On entry : 
		On exit  : 
		Unchanged: 
 Data sizes:     COMMON   BANK0   BANK1   BANK2
      Params:         2       0       0       0
      Locals:         3       0       0       0
      Temps:          2       0       0       0
      Totals:         7       0       0       0
Total ram usage:        7 bytes
 Hardware stack levels used:    1
 Hardware stack levels required when called:    5
 This function calls:
		___eecpymem
 This function is called by:
		_OLED_write_num_16
 This function uses a non-reentrant model


 *************** function ___eetoc *****************
 Defined at:
		line 104 in file "C:\Program Files (x86)\Microchip\xc8\v2.00\pic\sources\c99\pic\__eeprom.c"
 Parameters:    Size  Location     Type
  addr            1    wreg     PTR eeprom void 
		 -> TEXT_11x16(242), 
 Auto vars:     Size  Location     Type
  addr            1    6[COMMON] PTR eeprom void 
		 -> TEXT_11x16(242), 
  data            1    7[COMMON] unsigned char 
 Return value:  Size  Location     Type
                  1    wreg      unsigned char 
 Registers used:
		wreg, fsr1l, fsr1h, status,2, status,0, pclath, cstack
 Tracked objects:
		On entry : 
		On exit  : 
		Unchanged: 
 Data sizes:     COMMON   BANK0   BANK1   BANK2
      Params:         0       0       0       0
      Locals:         2       0       0       0
      Temps:          1       0       0       0
      Totals:         3       0       0       0
Total ram usage:        3 bytes
 Hardware stack levels used:    1
 Hardware stack levels required when called:    5
 This function calls:
		___eecpymem
 This function is called by:
		_OLED_write_num_16
 This function uses a non-reentrant model


 *************** function ___eecpymem *****************
 Defined at:
		line 6 in file "C:\Program Files (x86)\Microchip\xc8\v2.00\pic\sources\c99\pic\__eeprom.c"
 Parameters:    Size  Location     Type
  to              1    wreg     PTR volatile unsigned ch
		 -> __eetofl@data(4), __eetoft@data(4), __eetoo@data(4), __eetol@data(4), 
		 -> __eetom@data(3), __eetoi@data(2), __eetoc@data(1), 
  from            1    0[COMMON] PTR eeprom unsigned char
		 -> TEXT_11x16(242), 
  size            1    1[COMMON] unsigned char 
 Auto vars:     Size  Location     Type
  to              1    4[COMMON] PTR volatile unsigned ch
		 -> __eetofl@data(4), __eetoft@data(4), __eetoo@data(4), __eetol@data(4), 
		 -> __eetom@data(3), __eetoi@data(2), __eetoc@data(1), 
  cp              1    3[COMMON] PTR volatile unsigned ch
		 -> __eetofl@data(4), __eetoft@data(4), __eetoo@data(4), __eetol@data(4), 
		 -> __eetom@data(3), __eetoi@data(2), __eetoc@data(1), 
 Return value:  Size  Location     Type
                  1    wreg      void 
 Registers used:
		wreg, fsr1l, fsr1h, status,2, status,0
 Tracked objects:
		On entry : 
		On exit  : 
		Unchanged: 
 Data sizes:     COMMON   BANK0   BANK1   BANK2
      Params:         2       0       0       0
      Locals:         2       0       0       0
      Temps:          1       0       0       0
      Totals:         5       0       0       0
Total ram usage:        5 bytes
 Hardware stack levels used:    1
 Hardware stack levels required when called:    4
 This function calls:
		Nothing
 This function is called by:
		___eetoc
		___eetoi
 This function uses a non-reentrant model


 *************** function _OLED_write_num *****************
 Defined at:
		line 111 in file "SSD1306.c"
 Parameters:    Size  Location     Type
  num             1    wreg     unsigned char 
 Auto vars:     Size  Location     Type
  num             1    6[COMMON] unsigned char 
  i               1    7[COMMON] unsigned char 
 Return value:  Size  Location     Type
                  1    wreg      void 
 Registers used:
		wreg, fsr1l, fsr1h, status,2, status,0, pclath, cstack
 Tracked objects:
		On entry : 
		On exit  : 
		Unchanged: 
 Data sizes:     COMMON   BANK0   BANK1   BANK2
      Params:         0       0       0       0
      Locals:         2       0       0       0
      Temps:          2       0       0       0
      Totals:         4       0       0       0
Total ram usage:        4 bytes
 Hardware stack levels used:    1
 Hardware stack levels required when called:    6
 This function calls:
		_I2C_Start
		_I2C_Stop
		_I2C_Write
		___bmul
 This function is called by:
		_main
 This function uses a non-reentrant model


 *************** function ___bmul *****************
 Defined at:
		line 4 in file "C:\Program Files (x86)\Microchip\xc8\v2.00\pic\sources\c99\common\Umul8.c"
 Parameters:    Size  Location     Type
  multiplier      1    wreg     unsigned char 
  multiplicand    1    0[COMMON] unsigned char 
 Auto vars:     Size  Location     Type
  multiplier      1    3[COMMON] unsigned char 
  product         1    2[COMMON] unsigned char 
 Return value:  Size  Location     Type
                  1    wreg      unsigned char 
 Registers used:
		wreg, status,2, status,0
 Tracked objects:
		On entry : 
		On exit  : 
		Unchanged: 
 Data sizes:     COMMON   BANK0   BANK1   BANK2
      Params:         1       0       0       0
      Locals:         2       0       0       0
      Temps:          1       0       0       0
      Totals:         4       0       0       0
Total ram usage:        4 bytes
 Hardware stack levels used:    1
 Hardware stack levels required when called:    4
 This function calls:
		Nothing
 This function is called by:
		_OLED_write_num
		_OLED_write_num_16
 This function uses a non-reentrant model


 *************** function _OLED_initial *****************
 Defined at:
		line 46 in file "SSD1306.c"
 Parameters:    Size  Location     Type
		None
 Auto vars:     Size  Location     Type
  i               2    3[COMMON] unsigned short 
 Return value:  Size  Location     Type
                  1    wreg      void 
 Registers used:
		wreg, fsr1l, fsr1h, status,2, status,0, pclath, cstack
 Tracked objects:
		On entry : 
		On exit  : 
		Unchanged: 
 Data sizes:     COMMON   BANK0   BANK1   BANK2
      Params:         0       0       0       0
      Locals:         2       0       0       0
      Temps:          0       0       0       0
      Totals:         2       0       0       0
Total ram usage:        2 bytes
 Hardware stack levels used:    1
 Hardware stack levels required when called:    6
 This function calls:
		_I2C_Start
		_I2C_Stop
		_I2C_Write
 This function is called by:
		_main
 This function uses a non-reentrant model


 *************** function _OLED_display *****************
 Defined at:
		line 147 in file "SSD1306.c"
 Parameters:    Size  Location     Type
  x               1    wreg     _Bool 
 Auto vars:     Size  Location     Type
  x               1    3[COMMON] _Bool 
 Return value:  Size  Location     Type
                  1    wreg      void 
 Registers used:
		wreg, status,2, status,0, pclath, cstack
 Tracked objects:
		On entry : 
		On exit  : 
		Unchanged: 
 Data sizes:     COMMON   BANK0   BANK1   BANK2
      Params:         0       0       0       0
      Locals:         1       0       0       0
      Temps:          0       0       0       0
      Totals:         1       0       0       0
Total ram usage:        1 bytes
 Hardware stack levels used:    1
 Hardware stack levels required when called:    6
 This function calls:
		_I2C_Start
		_I2C_Stop
		_I2C_Write
 This function is called by:
		_main
 This function uses a non-reentrant model


 *************** function _OLED_clear *****************
 Defined at:
		line 98 in file "SSD1306.c"
 Parameters:    Size  Location     Type
		None
 Auto vars:     Size  Location     Type
  i               2    6[COMMON] unsigned short 
 Return value:  Size  Location     Type
                  1    wreg      void 
 Registers used:
		wreg, status,2, status,0, pclath, cstack
 Tracked objects:
		On entry : 
		On exit  : 
		Unchanged: 
 Data sizes:     COMMON   BANK0   BANK1   BANK2
      Params:         0       0       0       0
      Locals:         2       0       0       0
      Temps:          0       0       0       0
      Totals:         2       0       0       0
Total ram usage:        2 bytes
 Hardware stack levels used:    1
 Hardware stack levels required when called:    7
 This function calls:
		_I2C_Start
		_I2C_Stop
		_I2C_Write
		_OLED_setXY
 This function is called by:
		_main
 This function uses a non-reentrant model


 *************** function _OLED_setXY *****************
 Defined at:
		line 77 in file "SSD1306.c"
 Parameters:    Size  Location     Type
  x               1    wreg     unsigned char 
  y               1    3[COMMON] unsigned char 
 Auto vars:     Size  Location     Type
  x               1    5[COMMON] unsigned char 
 Return value:  Size  Location     Type
                  1    wreg      void 
 Registers used:
		wreg, status,2, status,0, pclath, cstack
 Tracked objects:
		On entry : 
		On exit  : 
		Unchanged: 
 Data sizes:     COMMON   BANK0   BANK1   BANK2
      Params:         1       0       0       0
      Locals:         1       0       0       0
      Temps:          1       0       0       0
      Totals:         3       0       0       0
Total ram usage:        3 bytes
 Hardware stack levels used:    1
 Hardware stack levels required when called:    6
 This function calls:
		_I2C_Start
		_I2C_Stop
		_I2C_Write
 This function is called by:
		_main
		_OLED_clear
		_OLED_write_num_16
 This function uses a non-reentrant model


 *************** function _MLX90614_readObjectTempC *****************
 Defined at:
		line 52 in file "MLX90614.c"
 Parameters:    Size  Location     Type
		None
 Auto vars:     Size  Location     Type
		None
 Return value:  Size  Location     Type
                  4   46[BANK0 ] float 
 Registers used:
		wreg, fsr1l, fsr1h, status,2, status,0, pclath, cstack
 Tracked objects:
		On entry : 
		On exit  : 
		Unchanged: 
 Data sizes:     COMMON   BANK0   BANK1   BANK2
      Params:         0       4       0       0
      Locals:         0       0       0       0
      Temps:          0       0       0       0
      Totals:         0       4       0       0
Total ram usage:        4 bytes
 Hardware stack levels used:    1
 Hardware stack levels required when called:   10
 This function calls:
		_readTemp
 This function is called by:
		_main
 This function uses a non-reentrant model


 *************** function _readTemp *****************
 Defined at:
		line 40 in file "MLX90614.c"
 Parameters:    Size  Location     Type
  reg             1    wreg     unsigned char 
 Auto vars:     Size  Location     Type
  reg             1   41[BANK0 ] unsigned char 
  temp            4   42[BANK0 ] float 
 Return value:  Size  Location     Type
                  4   33[BANK0 ] float 
 Registers used:
		wreg, fsr1l, fsr1h, status,2, status,0, pclath, cstack
 Tracked objects:
		On entry : 
		On exit  : 
		Unchanged: 
 Data sizes:     COMMON   BANK0   BANK1   BANK2
      Params:         0       4       0       0
      Locals:         0       5       0       0
      Temps:          0       4       0       0
      Totals:         0      13       0       0
Total ram usage:       13 bytes
 Hardware stack levels used:    1
 Hardware stack levels required when called:    9
 This function calls:
		___fltol
		___xxtofl
		_read2Byte
 This function is called by:
		_MLX90614_readObjectTempC
		_MLX90614_readAmbientTempC
		_MLX90614_readObjectTempF
		_MLX90614_readAmbientTempF
 This function uses a non-reentrant model


 *************** function _read2Byte *****************
 Defined at:
		line 28 in file "MLX90614.c"
 Parameters:    Size  Location     Type
  a               1    wreg     unsigned char 
 Auto vars:     Size  Location     Type
  a               1   15[BANK0 ] unsigned char 
  data            3   16[BANK0 ] unsigned char [3]
  ret             2   13[BANK0 ] unsigned short 
 Return value:  Size  Location     Type
                  2    6[BANK0 ] unsigned short 
 Registers used:
		wreg, fsr1l, fsr1h, status,2, status,0, pclath, cstack
 Tracked objects:
		On entry : 
		On exit  : 
		Unchanged: 
 Data sizes:     COMMON   BANK0   BANK1   BANK2
      Params:         0       2       0       0
      Locals:         0       6       0       0
      Temps:          0       5       0       0
      Totals:         0      13       0       0
Total ram usage:       13 bytes
 Hardware stack levels used:    1
 Hardware stack levels required when called:    8
 This function calls:
		_MLX90614_Read_Bytes
 This function is called by:
		_readTemp
 This function uses a non-reentrant model


 *************** function _MLX90614_Read_Bytes *****************
 Defined at:
		line 23 in file "MLX90614.c"
 Parameters:    Size  Location     Type
  data_addr       1    wreg     unsigned char 
  data            1    0[BANK0 ] PTR unsigned char 
		 -> read2Byte@data(3), 
  len             2    1[BANK0 ] unsigned short 
 Auto vars:     Size  Location     Type
  data_addr       1    5[BANK0 ] unsigned char 
 Return value:  Size  Location     Type
                  1    wreg      void 
 Registers used:
		wreg, fsr1l, fsr1h, status,2, status,0, pclath, cstack
 Tracked objects:
		On entry : 
		On exit  : 
		Unchanged: 
 Data sizes:     COMMON   BANK0   BANK1   BANK2
      Params:         0       3       0       0
      Locals:         0       1       0       0
      Temps:          0       2       0       0
      Totals:         0       6       0       0
Total ram usage:        6 bytes
 Hardware stack levels used:    1
 Hardware stack levels required when called:    7
 This function calls:
[...]


 *************** function _I2C_Read *****************
 Defined at:
		line 118 in file "I2C.c"
 Parameters:    Size  Location     Type
  keep            1    wreg     _Bool 
 Auto vars:     Size  Location     Type
  keep            1    3[COMMON] _Bool 
  temp            1    4[COMMON] unsigned char 
 Return value:  Size  Location     Type
                  1    wreg      unsigned char 
 Registers used:
		wreg, status,2, status,0, pclath, cstack
 Tracked objects:
		On entry : 
		On exit  : 
		Unchanged: 
 Data sizes:     COMMON   BANK0   BANK1   BANK2
      Params:         0       0       0       0
      Locals:         2       0       0       0
      Temps:          1       0       0       0
      Totals:         3       0       0       0
Total ram usage:        3 bytes
 Hardware stack levels used:    1
 Hardware stack levels required when called:    5
 This function calls:
		_i2c1_driver_getRXData
		_i2c1_driver_isBufferFull
		_i2c1_driver_sendACK
		_i2c1_driver_sendNACK
		_i2c1_driver_startRX
		_mssp1_IRQisSet
		_mssp1_clearIRQ
 This function is called by:
		_I2C_Read_Bytes
		_I2C_Read_Byte
 This function uses a non-reentrant model


 *************** function _i2c1_driver_startRX *****************
 Defined at:
		line 166 in file "mcc_generated_files/i2c1_driver.c"
 Parameters:    Size  Location     Type
		None
 Auto vars:     Size  Location     Type
		None
 Return value:  Size  Location     Type
                  1    wreg      void 
 Registers used:
		None
 Tracked objects:
		On entry : 
		On exit  : 
		Unchanged: 
 Data sizes:     COMMON   BANK0   BANK1   BANK2
      Params:         0       0       0       0
      Locals:         0       0       0       0
      Temps:          0       0       0       0
      Totals:         0       0       0       0
Total ram usage:        0 bytes
 Hardware stack levels used:    1
 Hardware stack levels required when called:    4
 This function calls:
		Nothing
 This function is called by:
		_I2C_Read
 This function uses a non-reentrant model


 *************** function _i2c1_driver_sendNACK *****************
 Defined at:
		line 202 in file "mcc_generated_files/i2c1_driver.c"
 Parameters:    Size  Location     Type
		None
 Auto vars:     Size  Location     Type
		None
 Return value:  Size  Location     Type
                  1    wreg      void 
 Registers used:
		None
 Tracked objects:
		On entry : 
		On exit  : 
		Unchanged: 
 Data sizes:     COMMON   BANK0   BANK1   BANK2
      Params:         0       0       0       0
      Locals:         0       0       0       0
      Temps:          0       0       0       0
      Totals:         0       0       0       0
Total ram usage:        0 bytes
 Hardware stack levels used:    1
 Hardware stack levels required when called:    4
 This function calls:
		Nothing
 This function is called by:
		_I2C_Read
 This function uses a non-reentrant model


 *************** function _i2c1_driver_sendACK *****************
 Defined at:
		line 196 in file "mcc_generated_files/i2c1_driver.c"
 Parameters:    Size  Location     Type
		None
 Auto vars:     Size  Location     Type
		None
 Return value:  Size  Location     Type
                  1    wreg      void 
 Registers used:
		None
 Tracked objects:
		On entry : 
		On exit  : 
		Unchanged: 
 Data sizes:     COMMON   BANK0   BANK1   BANK2
      Params:         0       0       0       0
      Locals:         0       0       0       0
      Temps:          0       0       0       0
      Totals:         0       0       0       0
Total ram usage:        0 bytes
 Hardware stack levels used:    1
 Hardware stack levels required when called:    4
 This function calls:
		Nothing
 This function is called by:
		_I2C_Read
 This function uses a non-reentrant model


 *************** function _i2c1_driver_isBufferFull *****************
 Defined at:
		line 213 in file "mcc_generated_files/i2c1_driver.c"
 Parameters:    Size  Location     Type
		None
 Auto vars:     Size  Location     Type
		None
 Return value:  Size  Location     Type
		None               void
 Registers used:
		wreg, status,2, status,0
 Tracked objects:
		On entry : 
		On exit  : 
		Unchanged: 
 Data sizes:     COMMON   BANK0   BANK1   BANK2
      Params:         0       0       0       0
      Locals:         0       0       0       0
      Temps:          1       0       0       0
      Totals:         1       0       0       0
Total ram usage:        1 bytes
 Hardware stack levels used:    1
 Hardware stack levels required when called:    4
 This function calls:
		Nothing
 This function is called by:
		_I2C_Read
 This function uses a non-reentrant model


 *************** function _i2c1_driver_getRXData *****************
 Defined at:
		line 171 in file "mcc_generated_files/i2c1_driver.c"
 Parameters:    Size  Location     Type
		None
 Auto vars:     Size  Location     Type
		None
 Return value:  Size  Location     Type
                  1    wreg      unsigned char 
 Registers used:
		wreg
 Tracked objects:
		On entry : 
		On exit  : 
		Unchanged: 
 Data sizes:     COMMON   BANK0   BANK1   BANK2
      Params:         0       0       0       0
      Locals:         0       0       0       0
      Temps:          0       0       0       0
      Totals:         0       0       0       0
Total ram usage:        0 bytes
 Hardware stack levels used:    1
 Hardware stack levels required when called:    4
 This function calls:
		Nothing
 This function is called by:
		_I2C_Read
 This function uses a non-reentrant model


 *************** function _I2C_ReStart *****************
 Defined at:
		line 108 in file "I2C.c"
 Parameters:    Size  Location     Type
		None
 Auto vars:     Size  Location     Type
		None
 Return value:  Size  Location     Type
                  1    wreg      void 
 Registers used:
		wreg, status,2, status,0, pclath, cstack
 Tracked objects:
		On entry : 
		On exit  : 
		Unchanged: 
 Data sizes:     COMMON   BANK0   BANK1   BANK2
      Params:         0       0       0       0
      Locals:         0       0       0       0
      Temps:          0       0       0       0
      Totals:         0       0       0       0
Total ram usage:        0 bytes
 Hardware stack levels used:    1
 Hardware stack levels required when called:    5
 This function calls:
		_i2c1_driver_restart
		_mssp1_IRQisSet
		_mssp1_clearIRQ
 This function is called by:
		_I2C_Read_Bytes
		_I2C_Read_Byte
 This function uses a non-reentrant model


 *************** function _mssp1_clearIRQ *****************
 Defined at:
		line 53 in file "mcc_generated_files/i2c1_driver.c"
 Parameters:    Size  Location     Type
		None
 Auto vars:     Size  Location     Type
		None
 Return value:  Size  Location     Type
                  1    wreg      void 
 Registers used:
		None
 Tracked objects:
		On entry : 
		On exit  : 
		Unchanged: 
 Data sizes:     COMMON   BANK0   BANK1   BANK2
      Params:         0       0       0       0
      Locals:         0       0       0       0
      Temps:          0       0       0       0
      Totals:         0       0       0       0
Total ram usage:        0 bytes
 Hardware stack levels used:    1
 Hardware stack levels required when called:    4
 This function calls:
		Nothing
 This function is called by:
		_I2C_Start
		_I2C_ReStart
		_I2C_Write
		_I2C_Read
		_I2C_Stop
 This function uses a non-reentrant model


 *************** function _mssp1_IRQisSet *****************
 Defined at:
		line 63 in file "mcc_generated_files/i2c1_driver.c"
 Parameters:    Size  Location     Type
		None
 Auto vars:     Size  Location     Type
		None
 Return value:  Size  Location     Type
		None               void
 Registers used:
		wreg, status,2, status,0
 Tracked objects:
		On entry : 
		On exit  : 
		Unchanged: 
 Data sizes:     COMMON   BANK0   BANK1   BANK2
      Params:         0       0       0       0
      Locals:         0       0       0       0
      Temps:          2       0       0       0
      Totals:         2       0       0       0
Total ram usage:        2 bytes
 Hardware stack levels used:    1
 Hardware stack levels required when called:    4
 This function calls:
		Nothing
 This function is called by:
		_I2C_Start
		_I2C_ReStart
		_I2C_Write
		_I2C_Read
		_I2C_Stop
 This function uses a non-reentrant model


 *************** function _i2c1_driver_restart *****************
 Defined at:
		line 151 in file "mcc_generated_files/i2c1_driver.c"
 Parameters:    Size  Location     Type
		None
 Auto vars:     Size  Location     Type
		None
 Return value:  Size  Location     Type
                  1    wreg      void 
 Registers used:
		None
 Tracked objects:
		On entry : 
		On exit  : 
		Unchanged: 
 Data sizes:     COMMON   BANK0   BANK1   BANK2
      Params:         0       0       0       0
      Locals:         0       0       0       0
      Temps:          0       0       0       0
      Totals:         0       0       0       0
Total ram usage:        0 bytes
 Hardware stack levels used:    1
 Hardware stack levels required when called:    4
 This function calls:
		Nothing
 This function is called by:
		_I2C_ReStart
 This function uses a non-reentrant model


 *************** function ___xxtofl *****************
 Defined at:
		line 10 in file "C:\Program Files (x86)\Microchip\xc8\v2.00\pic\sources\c99\common\xxtofl.c"
 Parameters:    Size  Location     Type
  sign            1    wreg     unsigned char 
  val             4   19[BANK0 ] long 
 Auto vars:     Size  Location     Type
  sign            1   27[BANK0 ] unsigned char 
  arg             4   29[BANK0 ] unsigned long 
  exp             1   28[BANK0 ] unsigned char 
 Return value:  Size  Location     Type
                  4   19[BANK0 ] unsigned char 
 Registers used:
		wreg, status,2, status,0
 Tracked objects:
		On entry : 
		On exit  : 
		Unchanged: 
 Data sizes:     COMMON   BANK0   BANK1   BANK2
      Params:         0       4       0       0
      Locals:         0       6       0       0
      Temps:          0       4       0       0
      Totals:         0      14       0       0
Total ram usage:       14 bytes
 Hardware stack levels used:    1
 Hardware stack levels required when called:    4
 This function calls:
		Nothing
 This function is called by:
		_readTemp
 This function uses a non-reentrant model


 *************** function ___fltol *****************
 Defined at:
		line 43 in file "C:\Program Files (x86)\Microchip\xc8\v2.00\pic\sources\c99\common\fltol.c"
 Parameters:    Size  Location     Type
  f1              4    0[COMMON] unsigned char 
 Auto vars:     Size  Location     Type
  exp1            1   10[COMMON] unsigned char 
  sign1           1    9[COMMON] unsigned char 
 Return value:  Size  Location     Type
                  4    0[COMMON] long 
 Registers used:
		wreg, status,2, status,0
 Tracked objects:
		On entry : 
		On exit  : 
		Unchanged: 
 Data sizes:     COMMON   BANK0   BANK1   BANK2
      Params:         4       0       0       0
      Locals:         2       0       0       0
      Temps:          5       0       0       0
      Totals:        11       0       0       0
Total ram usage:       11 bytes
 Hardware stack levels used:    1
 Hardware stack levels required when called:    4
 This function calls:
		Nothing
 This function is called by:
		_main
		_readTemp
 This function uses a non-reentrant model


 *************** function _INTERRUPT_InterruptManager *****************
 Defined at:
		line 52 in file "mcc_generated_files/interrupt_manager.c"
 Parameters:    Size  Location     Type
		None
 Auto vars:     Size  Location     Type
		None
 Return value:  Size  Location     Type
                  1    wreg      void 
 Registers used:
		wreg, status,2, status,0, pclath, cstack
 Tracked objects:
		On entry : 
		On exit  : 
		Unchanged: 
 Data sizes:     COMMON   BANK0   BANK1   BANK2
      Params:         0       0       0       0
      Locals:         0       0       0       0
      Temps:          0       0       0       0
      Totals:         0       0       0       0
Total ram usage:        0 bytes
 Hardware stack levels used:    1
 Hardware stack levels required when called:    3
 This function calls:
		_INT_ISR
 This function is called by:
		Interrupt level 1
 This function uses a non-reentrant model


 *************** function _INT_ISR *****************
 Defined at:
		line 32 in file "mcc_generated_files/ext_int.c"
 Parameters:    Size  Location     Type
		None
 Auto vars:     Size  Location     Type
		None
 Return value:  Size  Location     Type
                  1    wreg      void 
 Registers used:
		wreg, status,2, status,0, pclath, cstack
 Tracked objects:
		On entry : 
		On exit  : 
		Unchanged: 
 Data sizes:     COMMON   BANK0   BANK1   BANK2
      Params:         0       0       0       0
      Locals:         0       0       0       0
      Temps:          0       0       0       0
      Totals:         0       0       0       0
Total ram usage:        0 bytes
 Hardware stack levels used:    1
 Hardware stack levels required when called:    2
 This function calls:
		_INT_CallBack
 This function is called by:
		_INTERRUPT_InterruptManager
 This function uses a non-reentrant model


 *************** function _INT_CallBack *****************
 Defined at:
		line 41 in file "mcc_generated_files/ext_int.c"
 Parameters:    Size  Location     Type
		None
 Auto vars:     Size  Location     Type
		None
 Return value:  Size  Location     Type
                  1    wreg      void 
 Registers used:
		wreg, status,2, status,0, pclath, cstack
 Tracked objects:
		On entry : 
		On exit  : 
		Unchanged: 
 Data sizes:     COMMON   BANK0   BANK1   BANK2
      Params:         0       0       0       0
      Locals:         0       0       0       0
      Temps:          0       0       0       0
      Totals:         0       0       0       0
Total ram usage:        0 bytes
 Hardware stack levels used:    1
 Hardware stack levels required when called:    1
 This function calls:
		Absolute function
		_INT_DefaultInterruptHandler
		_INT_EVENT
 This function is called by:
		_INT_ISR
 This function uses a non-reentrant model


 *************** function _INT_DefaultInterruptHandler *****************
 Defined at:
		line 54 in file "mcc_generated_files/ext_int.c"
 Parameters:    Size  Location     Type
		None
 Auto vars:     Size  Location     Type
		None
 Return value:  Size  Location     Type
                  1    wreg      void 
 Registers used:
		None
 Tracked objects:
		On entry : 
		On exit  : 
		Unchanged: 
 Data sizes:     COMMON   BANK0   BANK1   BANK2
      Params:         0       0       0       0
      Locals:         0       0       0       0
      Temps:          0       0       0       0
      Totals:         0       0       0       0
Total ram usage:        0 bytes
 Hardware stack levels used:    1
 This function calls:
		Nothing
 This function is called by:
		_EXT_INT_Initialize
		_INT_CallBack
 This function uses a non-reentrant model


 *************** function _INT_EVENT *****************
 Defined at:
		line 128 in file "main.c"
 Parameters:    Size  Location     Type
		None
 Auto vars:     Size  Location     Type
		None
 Return value:  Size  Location     Type
                  1    wreg      void 
 Registers used:
		None
 Tracked objects:
		On entry : 
		On exit  : 
		Unchanged: 
 Data sizes:     COMMON   BANK0   BANK1   BANK2
      Params:         0       0       0       0
      Locals:         0       0       0       0
      Temps:          0       0       0       0
      Totals:         0       0       0       0
Total ram usage:        0 bytes
 Hardware stack levels used:    1
 This function calls:
		Nothing
 This function is called by:
		_main
		_INT_CallBack
 This function uses a non-reentrant model



MODULE INFORMATION

Module		Function		Class		Link	Load	Size
mcc_generated_files/interrupt_manager.c
		_INTERRUPT_InterruptManager		CODE           	0004	0000	49

mcc_generated_files/interrupt_manager.c estimated size: 49

C:\Program Files (x86)\Microchip\xc8\v2.00\pic\sources\c99\common\xxtofl.c
		___xxtofl      		CODE           	0171	0000	182

C:\Program Files (x86)\Microchip\xc8\v2.00\pic\sources\c99\common\xxtofl.c estimated size: 182

C:\Program Files (x86)\Microchip\xc8\v2.00\pic\sources\c99\common\awmod.c
		___awmod       		CODE           	03BA	0000	95

C:\Program Files (x86)\Microchip\xc8\v2.00\pic\sources\c99\common\awmod.c estimated size: 95

I2C.c
		_I2C_Write     		CODE           	06EA	0000	20
		_I2C_Stop      		CODE           	06FD	0000	18
		_I2C_Read      		CODE           	04FF	0000	61
		_I2C_Read_Bytes		CODE           	0472	0000	77
		_I2C_Start     		CODE           	0690	0000	28
		_I2C_ReStart   		CODE           	070E	0000	18

I2C.c estimated size: 222

mcc_generated_files/pin_manager.c
		_PIN_MANAGER_Initialize		CODE           	0652	0000	33

mcc_generated_files/pin_manager.c estimated size: 33

SSD1306.c
		_OLED_clear    		CODE           	0575	0000	52
		_OLED_write_num		CODE           	04BE	0000	66
		_OLED_display  		CODE           	0672	0000	31
		_OLED_write_num_16		CODE           	0226	0000	152
		_OLED_initial  		CODE           	05A8	0000	47
		_OLED_setXY    		CODE           	053B	0000	59

SSD1306.c estimated size: 407

mcc_generated_files/ext_int.c
		_INT_DefaultInterruptHandler		CODE           	07E4	0000	2
		_EXT_INT_Initialize		CODE           	0778	0000	14
		_INT_SetInterruptHandler		CODE           	07B4	0000	7
		_INT_CallBack  		CODE           	076A	0000	15
		_INT_ISR       		CODE           	07BA	0000	7

mcc_generated_files/ext_int.c estimated size: 45

C:\Program Files (x86)\Microchip\xc8\v2.00\pic\sources\c99\pic\__eeprom.c
		___eetoc       		CODE           	075C	0000	15
		___eetoi       		CODE           	06C4	0000	20
		___eecpymem    		CODE           	05D6	0000	44

C:\Program Files (x86)\Microchip\xc8\v2.00\pic\sources\c99\pic\__eeprom.c estimated size: 79

C:\Program Files (x86)\Microchip\xc8\v2.00\pic\sources\c99\common\awdiv.c
		___awdiv       		CODE           	0351	0000	106

C:\Program Files (x86)\Microchip\xc8\v2.00\pic\sources\c99\common\awdiv.c estimated size: 106

shared
		__initialization		CODE           	0035	0000	29

shared estimated size: 29

C:\Program Files (x86)\Microchip\xc8\v2.00\pic\sources\c99\common\fltol.c
		___fltol       		CODE           	02BD	0000	149

C:\Program Files (x86)\Microchip\xc8\v2.00\pic\sources\c99\common\fltol.c estimated size: 149

mcc_generated_files/mcc.c
		_WDT_Initialize		CODE           	07C5	0000	5
		_PMD_Initialize		CODE           	0799	0000	9
		_OSCILLATOR_Initialize		CODE           	074E	0000	15
		_SYSTEM_Initialize		CODE           	072F	0000	17

mcc_generated_files/mcc.c estimated size: 46

MLX90614.c
		_MLX90614_readObjectTempC		CODE           	073F	0000	16
		_MLX90614_Read_Bytes		CODE           	06D7	0000	20
		_readTemp      		CODE           	0418	0000	91
		_read2Byte     		CODE           	0601	0000	43

MLX90614.c estimated size: 170

C:\Program Files (x86)\Microchip\xc8\v2.00\pic\sources\c99\common\Umul8.c
		___bmul        		CODE           	06AB	0000	26

C:\Program Files (x86)\Microchip\xc8\v2.00\pic\sources\c99\common\Umul8.c estimated size: 26

mcc_generated_files/i2c1_driver.c
		_i2c1_driver_isBufferFull		CODE           	07A1	0000	8
		_i2c1_driver_open		CODE           	071F	0000	17
		_i2c1_driver_stop		CODE           	07D5	0000	4
		_i2c1_driver_getRXData		CODE           	07D1	0000	5
		_i2c1_driver_TXData		CODE           	07C0	0000	6
		_i2c1_driver_start		CODE           	07D8	0000	4
		_i2c1_driver_sendACK		CODE           	07CD	0000	5
		_i2c1_driver_isStart		CODE           	0785	0000	11
		_i2c1_driver_sendNACK		CODE           	07C9	0000	5
		_i2c1_driver_restart		CODE           	07E1	0000	4
		_mssp1_clearIRQ		CODE           	07DE	0000	4
		_i2c1_driver_startRX		CODE           	07DB	0000	4
		_mssp1_IRQisSet		CODE           	078F	0000	11

mcc_generated_files/i2c1_driver.c estimated size: 88

main.c
		_INT_EVENT     		CODE           	07E5	0000	2
		_main          		CODE           	0054	0000	286

main.c estimated size: 288

